lfc	pvalue
0	0.605220288336267
0	0.41350863351603323
-0.8337875977221072	0.016016922299311277
0	0.3723617019410241
0	0.1718811720392341
0	0.05260635853868415
0	0.32252627279005097
0	0.06377237178683375
0	0.4133035117819618
-5.874408217667912	0.009332407558241938
